Last login: Sun Jan 25 09:55:21 2015 from 192.168.199.162
PS1='[\u@192.168.199.158 \W]\$ '
clear;echo -e '\033[32mLogin 192.168.199.158 done. Enjoy it.\033[0m'
[halcyon@localhost ~]$ PS1='[\u@192.168.199.158 \W]\$ '
[halcyon@192.168.199.158 ~]$ clear;echo -e '\033[32mLogin 192.168.199.158 done. Enjoy it.\033[0m'
[H[J[32mLogin 192.168.199.158 done. Enjoy it.[0m
[halcyon@192.168.199.158 ~]$ ls
[halcyon@192.168.199.158 ~]$ pwd
/home/halcyon
[halcyon@192.168.199.158 ~]$ ifconfig
eth0      Link encap:Ethernet  HWaddr 08:00:27:AE:97:4F  
          inet addr:10.0.2.15  Bcast:10.0.2.255  Mask:255.255.255.0
          inet6 addr: fe80::a00:27ff:feae:974f/64 Scope:Link
          UP BROADCAST RUNNING MULTICAST  MTU:1500  Metric:1
          RX packets:585 errors:0 dropped:0 overruns:0 frame:0
          TX packets:385 errors:0 dropped:0 overruns:0 carrier:0
          collisions:0 txqueuelen:1000 
          RX bytes:61132 (59.6 KiB)  TX bytes:50850 (49.6 KiB)

eth1      Link encap:Ethernet  HWaddr 08:00:27:B6:17:22  
          inet addr:192.168.199.158  Bcast:192.168.199.255  Mask:255.255.255.0
          inet6 addr: fe80::a00:27ff:feb6:1722/64 Scope:Link
          UP BROADCAST RUNNING MULTICAST  MTU:1500  Metric:1
          RX packets:3607 errors:0 dropped:0 overruns:0 frame:0
          TX packets:248 errors:0 dropped:0 overruns:0 carrier:0
          collisions:0 txqueuelen:1000 
          RX bytes:233475 (228.0 KiB)  TX bytes:33863 (33.0 KiB)

lo        Link encap:Local Loopback  
          inet addr:127.0.0.1  Mask:255.0.0.0
          inet6 addr: ::1/128 Scope:Host
          UP LOOPBACK RUNNING  MTU:16436  Metric:1
          RX packets:0 errors:0 dropped:0 overruns:0 frame:0
          TX packets:0 errors:0 dropped:0 overruns:0 carrier:0
          collisions:0 txqueuelen:0 
          RX bytes:0 (0.0 b)  TX bytes:0 (0.0 b)

[halcyon@192.168.199.158 ~]$ [H[J[halcyon@192.168.199.158 ~]$ ll
total 0
[halcyon@192.168.199.158 ~]$ pwd
/home/halcyon
[halcyon@192.168.199.158 ~]$ ll
total 0
[halcyon@192.168.199.158 ~]$ pwd
/home/halcyon
[halcyon@192.168.199.158 ~]$ ls
[halcyon@192.168.199.158 ~]$ pwd
/home/halcyon
[halcyon@192.168.199.158 ~]$ whoami
halcyon
[halcyon@192.168.199.158 ~]$ whoami
halcyon
[halcyon@192.168.199.158 ~]$ ifconfig
eth0      Link encap:Ethernet  HWaddr 08:00:27:AE:97:4F  
          inet addr:10.0.2.15  Bcast:10.0.2.255  Mask:255.255.255.0
          inet6 addr: fe80::a00:27ff:feae:974f/64 Scope:Link
          UP BROADCAST RUNNING MULTICAST  MTU:1500  Metric:1
          RX packets:620 errors:0 dropped:0 overruns:0 frame:0
          TX packets:404 errors:0 dropped:0 overruns:0 carrier:0
          collisions:0 txqueuelen:1000 
          RX bytes:63648 (62.1 KiB)  TX bytes:52568 (51.3 KiB)

eth1      Link encap:Ethernet  HWaddr 08:00:27:B6:17:22  
          inet addr:192.168.199.158  Bcast:192.168.199.255  Mask:255.255.255.0
          inet6 addr: fe80::a00:27ff:feb6:1722/64 Scope:Link
          UP BROADCAST RUNNING MULTICAST  MTU:1500  Metric:1
          RX packets:4126 errors:0 dropped:0 overruns:0 frame:0
          TX packets:299 errors:0 dropped:0 overruns:0 carrier:0
          collisions:0 txqueuelen:1000 
          RX bytes:267291 (261.0 KiB)  TX bytes:39201 (38.2 KiB)

lo        Link encap:Local Loopback  
          inet addr:127.0.0.1  Mask:255.0.0.0
          inet6 addr: ::1/128 Scope:Host
          UP LOOPBACK RUNNING  MTU:16436  Metric:1
          RX packets:0 errors:0 dropped:0 overruns:0 frame:0
          TX packets:0 errors:0 dropped:0 overruns:0 carrier:0
          collisions:0 txqueuelen:0 
          RX bytes:0 (0.0 b)  TX bytes:0 (0.0 b)

[halcyon@192.168.199.158 ~]$ ll
total 0
[halcyon@192.168.199.158 ~]$ ifconfig
eth0      Link encap:Ethernet  HWaddr 08:00:27:AE:97:4F  
          inet addr:10.0.2.15  Bcast:10.0.2.255  Mask:255.255.255.0
          inet6 addr: fe80::a00:27ff:feae:974f/64 Scope:Link
          UP BROADCAST RUNNING MULTICAST  MTU:1500  Metric:1
          RX packets:620 errors:0 dropped:0 overruns:0 frame:0
          TX packets:404 errors:0 dropped:0 overruns:0 carrier:0
          collisions:0 txqueuelen:1000 
          RX bytes:63648 (62.1 KiB)  TX bytes:52568 (51.3 KiB)

eth1      Link encap:Ethernet  HWaddr 08:00:27:B6:17:22  
          inet addr:192.168.199.158  Bcast:192.168.199.255  Mask:255.255.255.0
          inet6 addr: fe80::a00:27ff:feb6:1722/64 Scope:Link
          UP BROADCAST RUNNING MULTICAST  MTU:1500  Metric:1
          RX packets:4174 errors:0 dropped:0 overruns:0 frame:0
          TX packets:316 errors:0 dropped:0 overruns:0 carrier:0
          collisions:0 txqueuelen:1000 
          RX bytes:270969 (264.6 KiB)  TX bytes:40987 (40.0 KiB)

lo        Link encap:Local Loopback  
          inet addr:127.0.0.1  Mask:255.0.0.0
          inet6 addr: ::1/128 Scope:Host
          UP LOOPBACK RUNNING  MTU:16436  Metric:1
          RX packets:0 errors:0 dropped:0 overruns:0 frame:0
          TX packets:0 errors:0 dropped:0 overruns:0 carrier:0
          collisions:0 txqueuelen:0 
          RX bytes:0 (0.0 b)  TX bytes:0 (0.0 b)

[halcyon@192.168.199.158 ~]$ ls
[halcyon@192.168.199.158 ~]$ ll
total 0
[halcyon@192.168.199.158 ~]$ pwd
/home/halcyon
[halcyon@192.168.199.158 ~]$ haha
-bash: haha: command not found
[halcyon@192.168.199.158 ~]$ ll
total 0
[halcyon@192.168.199.158 ~]$ pwd
/home/halcyon
[halcyon@192.168.199.158 ~]$ ll
total 0
[halcyon@192.168.199.158 ~]$ ifconfig
eth0      Link encap:Ethernet  HWaddr 08:00:27:AE:97:4F  
          inet addr:10.0.2.15  Bcast:10.0.2.255  Mask:255.255.255.0
          inet6 addr: fe80::a00:27ff:feae:974f/64 Scope:Link
          UP BROADCAST RUNNING MULTICAST  MTU:1500  Metric:1
          RX packets:620 errors:0 dropped:0 overruns:0 frame:0
          TX packets:404 errors:0 dropped:0 overruns:0 carrier:0
          collisions:0 txqueuelen:1000 
          RX bytes:63648 (62.1 KiB)  TX bytes:52568 (51.3 KiB)

eth1      Link encap:Ethernet  HWaddr 08:00:27:B6:17:22  
          inet addr:192.168.199.158  Bcast:192.168.199.255  Mask:255.255.255.0
          inet6 addr: fe80::a00:27ff:feb6:1722/64 Scope:Link
          UP BROADCAST RUNNING MULTICAST  MTU:1500  Metric:1
          RX packets:4485 errors:0 dropped:0 overruns:0 frame:0
          TX packets:357 errors:0 dropped:0 overruns:0 carrier:0
          collisions:0 txqueuelen:1000 
          RX bytes:292122 (285.2 KiB)  TX bytes:45145 (44.0 KiB)

lo        Link encap:Local Loopback  
          inet addr:127.0.0.1  Mask:255.0.0.0
          inet6 addr: ::1/128 Scope:Host
          UP LOOPBACK RUNNING  MTU:16436  Metric:1
          RX packets:0 errors:0 dropped:0 overruns:0 frame:0
          TX packets:0 errors:0 dropped:0 overruns:0 carrier:0
          collisions:0 txqueuelen:0 
          RX bytes:0 (0.0 b)  TX bytes:0 (0.0 b)

[halcyon@192.168.199.158 ~]$ pwd
/home/halcyon
[halcyon@192.168.199.158 ~]$ pwd
/home/halcyon
[halcyon@192.168.199.158 ~]$ heh [K[K[K[Khah [K[K[K[Khaha
-bash: haha: command not found
[halcyon@192.168.199.158 ~]$ ll
total 0
[halcyon@192.168.199.158 ~]$ pe[K[Kifconfig
eth0      Link encap:Ethernet  HWaddr 08:00:27:AE:97:4F  
          inet addr:10.0.2.15  Bcast:10.0.2.255  Mask:255.255.255.0
          inet6 addr: fe80::a00:27ff:feae:974f/64 Scope:Link
          UP BROADCAST RUNNING MULTICAST  MTU:1500  Metric:1
          RX packets:620 errors:0 dropped:0 overruns:0 frame:0
          TX packets:404 errors:0 dropped:0 overruns:0 carrier:0
          collisions:0 txqueuelen:1000 
          RX bytes:63648 (62.1 KiB)  TX bytes:52568 (51.3 KiB)

eth1      Link encap:Ethernet  HWaddr 08:00:27:B6:17:22  
          inet addr:192.168.199.158  Bcast:192.168.199.255  Mask:255.255.255.0
          inet6 addr: fe80::a00:27ff:feb6:1722/64 Scope:Link
          UP BROADCAST RUNNING MULTICAST  MTU:1500  Metric:1
          RX packets:4772 errors:0 dropped:0 overruns:0 frame:0
          TX packets:415 errors:0 dropped:0 overruns:0 carrier:0
          collisions:0 txqueuelen:1000 
          RX bytes:312810 (305.4 KiB)  TX bytes:51037 (49.8 KiB)

lo        Link encap:Local Loopback  
          inet addr:127.0.0.1  Mask:255.0.0.0
          inet6 addr: ::1/128 Scope:Host
          UP LOOPBACK RUNNING  MTU:16436  Metric:1
          RX packets:0 errors:0 dropped:0 overruns:0 frame:0
          TX packets:0 errors:0 dropped:0 overruns:0 carrier:0
          collisions:0 txqueuelen:0 
          RX bytes:0 (0.0 b)  TX bytes:0 (0.0 b)

[halcyon@192.168.199.158 ~]$ ifconfig
eth0      Link encap:Ethernet  HWaddr 08:00:27:AE:97:4F  
          inet addr:10.0.2.15  Bcast:10.0.2.255  Mask:255.255.255.0
          inet6 addr: fe80::a00:27ff:feae:974f/64 Scope:Link
          UP BROADCAST RUNNING MULTICAST  MTU:1500  Metric:1
          RX packets:620 errors:0 dropped:0 overruns:0 frame:0
          TX packets:404 errors:0 dropped:0 overruns:0 carrier:0
          collisions:0 txqueuelen:1000 
          RX bytes:63648 (62.1 KiB)  TX bytes:52568 (51.3 KiB)

eth1      Link encap:Ethernet  HWaddr 08:00:27:B6:17:22  
          inet addr:192.168.199.158  Bcast:192.168.199.255  Mask:255.255.255.0
          inet6 addr: fe80::a00:27ff:feb6:1722/64 Scope:Link
          UP BROADCAST RUNNING MULTICAST  MTU:1500  Metric:1
          RX packets:4797 errors:0 dropped:0 overruns:0 frame:0
          TX packets:426 errors:0 dropped:0 overruns:0 carrier:0
          collisions:0 txqueuelen:1000 
          RX bytes:314898 (307.5 KiB)  TX bytes:52223 (50.9 KiB)

lo        Link encap:Local Loopback  
          inet addr:127.0.0.1  Mask:255.0.0.0
          inet6 addr: ::1/128 Scope:Host
          UP LOOPBACK RUNNING  MTU:16436  Metric:1
          RX packets:0 errors:0 dropped:0 overruns:0 frame:0
          TX packets:0 errors:0 dropped:0 overruns:0 carrier:0
          collisions:0 txqueuelen:0 
          RX bytes:0 (0.0 b)  TX bytes:0 (0.0 b)

[halcyon@192.168.199.158 ~]$ äº†[Kl l l 
-bash: l: command not found
[halcyon@192.168.199.158 ~]$ ll
total 0
[halcyon@192.168.199.158 ~]$ pwd
/home/halcyon
[halcyon@192.168.199.158 ~]$ ll
total 0
[halcyon@192.168.199.158 ~]$ ifconfig
eth0      Link encap:Ethernet  HWaddr 08:00:27:AE:97:4F  
          inet addr:10.0.2.15  Bcast:10.0.2.255  Mask:255.255.255.0
          inet6 addr: fe80::a00:27ff:feae:974f/64 Scope:Link
          UP BROADCAST RUNNING MULTICAST  MTU:1500  Metric:1
          RX packets:620 errors:0 dropped:0 overruns:0 frame:0
          TX packets:404 errors:0 dropped:0 overruns:0 carrier:0
          collisions:0 txqueuelen:1000 
          RX bytes:63648 (62.1 KiB)  TX bytes:52568 (51.3 KiB)

eth1      Link encap:Ethernet  HWaddr 08:00:27:B6:17:22  
          inet addr:192.168.199.158  Bcast:192.168.199.255  Mask:255.255.255.0
          inet6 addr: fe80::a00:27ff:feb6:1722/64 Scope:Link
          UP BROADCAST RUNNING MULTICAST  MTU:1500  Metric:1
          RX packets:6033 errors:0 dropped:0 overruns:0 frame:0
          TX packets:458 errors:0 dropped:0 overruns:0 carrier:0
          collisions:0 txqueuelen:1000 
          RX bytes:391245 (382.0 KiB)  TX bytes:55319 (54.0 KiB)

lo        Link encap:Local Loopback  
          inet addr:127.0.0.1  Mask:255.0.0.0
          inet6 addr: ::1/128 Scope:Host
          UP LOOPBACK RUNNING  MTU:16436  Metric:1
          RX packets:0 errors:0 dropped:0 overruns:0 frame:0
          TX packets:0 errors:0 dropped:0 overruns:0 carrier:0
          collisions:0 txqueuelen:0 
          RX bytes:0 (0.0 b)  TX bytes:0 (0.0 b)

[halcyon@192.168.199.158 ~]$ ll
total 0
[halcyon@192.168.199.158 ~]$ pwd
/home/halcyon
[halcyon@192.168.199.158 ~]$ ll
total 0
[halcyon@192.168.199.158 ~]$ pwd
/home/halcyon
[halcyon@192.168.199.158 ~]$ ifconfig
eth0      Link encap:Ethernet  HWaddr 08:00:27:AE:97:4F  
          inet addr:10.0.2.15  Bcast:10.0.2.255  Mask:255.255.255.0
          inet6 addr: fe80::a00:27ff:feae:974f/64 Scope:Link
          UP BROADCAST RUNNING MULTICAST  MTU:1500  Metric:1
          RX packets:622 errors:0 dropped:0 overruns:0 frame:0
          TX packets:406 errors:0 dropped:0 overruns:0 carrier:0
          collisions:0 txqueuelen:1000 
          RX bytes:63768 (62.2 KiB)  TX bytes:52664 (51.4 KiB)

eth1      Link encap:Ethernet  HWaddr 08:00:27:B6:17:22  
          inet addr:192.168.199.158  Bcast:192.168.199.255  Mask:255.255.255.0
          inet6 addr: fe80::a00:27ff:feb6:1722/64 Scope:Link
          UP BROADCAST RUNNING MULTICAST  MTU:1500  Metric:1
          RX packets:8105 errors:0 dropped:0 overruns:0 frame:0
          TX packets:493 errors:0 dropped:0 overruns:0 carrier:0
          collisions:0 txqueuelen:1000 
          RX bytes:517625 (505.4 KiB)  TX bytes:58821 (57.4 KiB)

lo        Link encap:Local Loopback  
          inet addr:127.0.0.1  Mask:255.0.0.0
          inet6 addr: ::1/128 Scope:Host
          UP LOOPBACK RUNNING  MTU:16436  Metric:1
          RX packets:0 errors:0 dropped:0 overruns:0 frame:0
          TX packets:0 errors:0 dropped:0 overruns:0 carrier:0
          collisions:0 txqueuelen:0 
          RX bytes:0 (0.0 b)  TX bytes:0 (0.0 b)

[halcyon@192.168.199.158 ~]$ ifconfig
eth0      Link encap:Ethernet  HWaddr 08:00:27:AE:97:4F  
          inet addr:10.0.2.15  Bcast:10.0.2.255  Mask:255.255.255.0
          inet6 addr: fe80::a00:27ff:feae:974f/64 Scope:Link
          UP BROADCAST RUNNING MULTICAST  MTU:1500  Metric:1
          RX packets:622 errors:0 dropped:0 overruns:0 frame:0
          TX packets:406 errors:0 dropped:0 overruns:0 carrier:0
          collisions:0 txqueuelen:1000 
          RX bytes:63768 (62.2 KiB)  TX bytes:52664 (51.4 KiB)

eth1      Link encap:Ethernet  HWaddr 08:00:27:B6:17:22  
          inet addr:192.168.199.158  Bcast:192.168.199.255  Mask:255.255.255.0
          inet6 addr: fe80::a00:27ff:feb6:1722/64 Scope:Link
          UP BROADCAST RUNNING MULTICAST  MTU:1500  Metric:1
          RX packets:8127 errors:0 dropped:0 overruns:0 frame:0
          TX packets:506 errors:0 dropped:0 overruns:0 carrier:0
          collisions:0 txqueuelen:1000 
          RX bytes:519597 (507.4 KiB)  TX bytes:60123 (58.7 KiB)

lo        Link encap:Local Loopback  
          inet addr:127.0.0.1  Mask:255.0.0.0
          inet6 addr: ::1/128 Scope:Host
          UP LOOPBACK RUNNING  MTU:16436  Metric:1
          RX packets:0 errors:0 dropped:0 overruns:0 frame:0
          TX packets:0 errors:0 dropped:0 overruns:0 carrier:0
          collisions:0 txqueuelen:0 
          RX bytes:0 (0.0 b)  TX bytes:0 (0.0 b)

[halcyon@192.168.199.158 ~]$ pwd
/home/halcyon
[halcyon@192.168.199.158 ~]$ hah
-bash: hah: command not found
[halcyon@192.168.199.158 ~]$ chown [K[K[K[K[K[Kcd /home/user[K[K[K[K
halcyon/ vagrant/ 
[halcyon@192.168.199.158 ~]$ cd /home/halcyon/
[halcyon@192.168.199.158 ~]$ ll
total 0
[halcyon@192.168.199.158 ~]$ toc[K[K[Ktouch 123
[halcyon@192.168.199.158 ~]$ touch 123456
[halcyon@192.168.199.158 ~]$ vim 123456 
[?1h=[1;32r[m[m[0m[H[J[32;1H"123456" 0L, 0C[2;1H[1m~
~
~
~
~
~
~
~
~
~
~
~
~
~
~
~
~
~
~
~
~
~
~
~
~
~
~
~
~
~[0m[32;118H0,0-1[9CAll[1;1H[32;1H[1m-- INSERT --[0m[32;14H[K[32;118H0,1[11CAll[1;1Ht[32;118H1,2[1;2Hth[32;120H3[1;3Hhi[32;120H4[1;4His[32;120H5[1;5H[32;120H6[1;6H i[32;120H7[1;7His[32;120H8[1;8H[32;120H9[1;9H a[32;120H10[1;10H[32;121H1[1;11H t[32;121H2[1;12Hte[32;121H3[1;13Hes[32;121H4[1;14Hst[32;121H5[1;15H[32;1H[K[1;14H[32;118H1,14[10CAll[1;14H[32;118H[K[32;1H:wq"123456" 1L, 15C written[?1l>
[halcyon@192.168.199.158 ~]$ ll
total 4
-rw-rw-r--. 1 halcyon halcyon  0 Jan 25 14:00 123
-rw-rw-r--. 1 halcyon halcyon 15 Jan 25 14:00 123456
[halcyon@192.168.199.158 ~]$ hah[K[K[Kpwd
/home/halcyon
[halcyon@192.168.199.158 ~]$ ll
total 4
-rw-rw-r--. 1 halcyon halcyon  0 Jan 25 14:00 123
-rw-rw-r--. 1 halcyon halcyon 15 Jan 25 14:00 123456
[halcyon@192.168.199.158 ~]$ maybe
-bash: maybe: command not found
[halcyon@192.168.199.158 ~]$ zhunixingfu
-bash: zhunixingfu: command not found
[halcyon@192.168.199.158 ~]$ 
Display all 948 possibilities? (y or n)
[halcyon@192.168.199.158 ~]$ p[Kzhuni
-bash: zhuni: command not found
[halcyon@192.168.199.158 ~]$ jf
-bash: jf: command not found
[halcyon@192.168.199.158 ~]$ hahahahah
-bash: hahahahah: command not found
[halcyon@192.168.199.158 ~]$ maybe
-bash: maybe: command not found
[halcyon@192.168.199.158 ~]$ 